
> lina-ai@0.1.0 build
> tsc && vite build

src/services/toolExecutor.ts(28,14): error TS2352: Conversion of type 'string' to type 'Record<string, any>' may be a mistake because neither type sufficiently overlaps with the other. If this was intentional, convert the expression to 'unknown' first.
